// Jest Snapshot v1, https://goo.gl/fbAQLP

exports[`===== Directory test ===== » Directory By Segment should get directory by segment 1`] = `
[
  {
    "id": Any<String>,
    "name": Any<String>,
  },
  {
    "id": Any<String>,
    "name": Any<String>,
  },
  {
    "id": Any<String>,
    "name": Any<String>,
  },
]
`;

exports[`===== Directory test ===== » Directory Content should get the directory content 1`] = `
[
  {
    "createdAt": Any<String>,
    "driveId": Any<String>,
    "id": Any<String>,
    "itemCount": Any<Number>,
    "name": Any<String>,
    "ownerId": Any<String>,
    "parentDirectoryId": toBeOneOf<Any,>,
    "softDeleted": Any<Boolean>,
    "storageClassName": toBeOneOf<Any,>,
    "updatedAt": Any<String>,
  },
]
`;

exports[`===== Directory test ===== » Directory Content should get the directory content 2`] = `[]`;
